<?xml version="1.0" encoding="utf-8"?>
<TestRun id="f98259d5-3d40-46c0-ba1b-c91ee8185e19" name="v-dinchi@DINESHCH 2020-02-20 11:14:03" runUser="FAREAST\v-dinchi" xmlns="http://microsoft.com/schemas/VisualStudio/TeamTest/2010">
  <Times creation="2020-02-20T11:14:03.4217663+05:30" queuing="2020-02-20T11:14:03.4217663+05:30" start="2020-02-20T11:14:01.5207614+05:30" finish="2020-02-20T11:14:03.4447931+05:30" />
  <TestSettings name="default" id="104c0a76-d058-4bce-848c-04dc9ae8f454">
    <Deployment runDeploymentRoot="v-dinchi_DINESHCH_2020-02-20_11_14_03" />
  </TestSettings>
  <Results>
    <UnitTestResult executionId="a417ac84-fecd-4425-8c27-9015c424ad58" testId="0caf1796-db66-6f9e-b10b-9320ab00ec70" testName="XUnitTestProject1.UnitTest1.SampleDataDrivenTest(number: -1, expectedResult: False)" computerName="DINESHCH" duration="00:00:00.0010000" startTime="2020-02-20T11:14:03.2371452+05:30" endTime="2020-02-20T11:14:03.2371454+05:30" testType="13cdc9d9-ddb5-4fa4-a97d-d965ccfc6d4b" outcome="Passed" testListId="8c84fa94-04c1-424b-9868-57a2d4851a1d" relativeResultsDirectory="a417ac84-fecd-4425-8c27-9015c424ad58" />
    <UnitTestResult executionId="a74d3b47-e6e6-4a04-98f2-ad4b5105baa3" testId="f9e79ca0-4e2d-e7f2-fd49-7b42cc19bae2" testName="XUnitTestProject1.UnitTest1.SampleDataDrivenTest(number: 2, expectedResult: False)" computerName="DINESHCH" duration="00:00:00.0010000" startTime="2020-02-20T11:14:03.2370914+05:30" endTime="2020-02-20T11:14:03.2370916+05:30" testType="13cdc9d9-ddb5-4fa4-a97d-d965ccfc6d4b" outcome="Passed" testListId="8c84fa94-04c1-424b-9868-57a2d4851a1d" relativeResultsDirectory="a74d3b47-e6e6-4a04-98f2-ad4b5105baa3" />
    <UnitTestResult executionId="ada12489-44b6-4fca-a08a-d39dee1b8021" testId="fdcab894-0de3-6118-52fb-40cb3eec27ac" testName="XUnitTestProject1.UnitTest1.SampleDataDrivenTest(number: 0, expectedResult: False)" computerName="DINESHCH" duration="00:00:00.0100000" startTime="2020-02-20T11:14:03.2276794+05:30" endTime="2020-02-20T11:14:03.2276870+05:30" testType="13cdc9d9-ddb5-4fa4-a97d-d965ccfc6d4b" outcome="Passed" testListId="8c84fa94-04c1-424b-9868-57a2d4851a1d" relativeResultsDirectory="ada12489-44b6-4fca-a08a-d39dee1b8021" />
    <UnitTestResult executionId="94c7292c-2994-4f31-9d0f-faed7ca55a5f" testId="95e75da9-f91d-0c69-62bf-c732a3cf23c0" testName="XUnitTestProject1.UnitTest1.SampleDataDrivenTest(number: 1, expectedResult: True)" computerName="DINESHCH" duration="00:00:00.0010000" startTime="2020-02-20T11:14:03.2371806+05:30" endTime="2020-02-20T11:14:03.2371806+05:30" testType="13cdc9d9-ddb5-4fa4-a97d-d965ccfc6d4b" outcome="Passed" testListId="8c84fa94-04c1-424b-9868-57a2d4851a1d" relativeResultsDirectory="94c7292c-2994-4f31-9d0f-faed7ca55a5f" />
  </Results>
  <TestDefinitions>
    
    <UnitTest name="XUnitTestProject1.UnitTest1.SampleDataDrivenTest(number: 0, expectedResult: False)" storage="c:\users\v-dinchi\source\repos\xunittestproject1\xunittestproject1\bin\debug\netcoreapp2.1\xunittestproject1.dll" id="fdcab894-0de3-6118-52fb-40cb3eec27ac">
      <Execution id="ada12489-44b6-4fca-a08a-d39dee1b8021" />
      <TestMethod codeBase="C:\Users\v-dinchi\source\repos\XUnitTestProject1\XUnitTestProject1\bin\Debug\netcoreapp2.1\XUnitTestProject1.dll" adapterTypeName="executor://xunit/VsTestRunner2/netcoreapp" className="XUnitTestProject1.UnitTest1" name="XUnitTestProject1.UnitTest1.SampleDataDrivenTest(number: 0, expectedResult: False)" />
    </UnitTest>
    <UnitTest name="XUnitTestProject1.UnitTest1.SampleDataDrivenTest(number: 2, expectedResult: False)" storage="c:\users\v-dinchi\source\repos\xunittestproject1\xunittestproject1\bin\debug\netcoreapp2.1\xunittestproject1.dll" id="f9e79ca0-4e2d-e7f2-fd49-7b42cc19bae2">
      <Execution id="a74d3b47-e6e6-4a04-98f2-ad4b5105baa3" />
      <TestMethod codeBase="C:\Users\v-dinchi\source\repos\XUnitTestProject1\XUnitTestProject1\bin\Debug\netcoreapp2.1\XUnitTestProject1.dll" adapterTypeName="executor://xunit/VsTestRunner2/netcoreapp" className="XUnitTestProject1.UnitTest1" name="XUnitTestProject1.UnitTest1.SampleDataDrivenTest(number: 2, expectedResult: False)" />
    </UnitTest>
    <UnitTest name="XUnitTestProject1.UnitTest1.SampleDataDrivenTest(number: -1, expectedResult: False)" storage="c:\users\v-dinchi\source\repos\xunittestproject1\xunittestproject1\bin\debug\netcoreapp2.1\xunittestproject1.dll" id="0caf1796-db66-6f9e-b10b-9320ab00ec70">
      <Execution id="a417ac84-fecd-4425-8c27-9015c424ad58" />
      <TestMethod codeBase="C:\Users\v-dinchi\source\repos\XUnitTestProject1\XUnitTestProject1\bin\Debug\netcoreapp2.1\XUnitTestProject1.dll" adapterTypeName="executor://xunit/VsTestRunner2/netcoreapp" className="XUnitTestProject1.UnitTest1" name="XUnitTestProject1.UnitTest1.SampleDataDrivenTest(number: -1, expectedResult: False)" />
    </UnitTest>
  </TestDefinitions>
  <TestEntries>
    <TestEntry testId="0caf1796-db66-6f9e-b10b-9320ab00ec70" executionId="a417ac84-fecd-4425-8c27-9015c424ad58" testListId="8c84fa94-04c1-424b-9868-57a2d4851a1d" />
    <TestEntry testId="f9e79ca0-4e2d-e7f2-fd49-7b42cc19bae2" executionId="a74d3b47-e6e6-4a04-98f2-ad4b5105baa3" testListId="8c84fa94-04c1-424b-9868-57a2d4851a1d" />
    <TestEntry testId="fdcab894-0de3-6118-52fb-40cb3eec27ac" executionId="ada12489-44b6-4fca-a08a-d39dee1b8021" testListId="8c84fa94-04c1-424b-9868-57a2d4851a1d" />
    <TestEntry testId="95e75da9-f91d-0c69-62bf-c732a3cf23c0" executionId="94c7292c-2994-4f31-9d0f-faed7ca55a5f" testListId="8c84fa94-04c1-424b-9868-57a2d4851a1d" />
  </TestEntries>
  <TestLists>
    <TestList name="Results Not in a List" id="8c84fa94-04c1-424b-9868-57a2d4851a1d" />
    <TestList name="All Loaded Results" id="19431567-8539-422a-85d7-44ee4e166bda" />
  </TestLists>
  <ResultSummary outcome="Completed">
    <Counters total="4" executed="4" passed="4" failed="0" error="0" timeout="0" aborted="0" inconclusive="0" passedButRunAborted="0" notRunnable="0" notExecuted="0" disconnected="0" warning="0" completed="0" inProgress="0" pending="0" />
    <Output>
      <StdOut>[xUnit.net 00:00:00.00] xUnit.net VSTest Adapter v2.4.0 (64-bit .NET Core 4.6.28008.01)[xUnit.net 00:00:00.55]   Discovering: XUnitTestProject1[xUnit.net 00:00:00.63]   Discovered:  XUnitTestProject1[xUnit.net 00:00:00.64]   Starting:    XUnitTestProject1[xUnit.net 00:00:00.79]   Finished:    XUnitTestProject1</StdOut>
    </Output>
  </ResultSummary>
</TestRun>
